// Jest Snapshot v1, https://goo.gl/fbAQLP

exports[`PageLayout Component should match snapshot 1`] = `
<DocumentFragment>
  <div
    class="makeStyles-layout-1"
  >
    <header
      class="MuiPaper-root MuiAppBar-root MuiAppBar-positionStatic MuiAppBar-colorPrimary MuiPaper-elevation4"
    >
      <div
        class="MuiToolbar-root MuiToolbar-regular MuiToolbar-gutters"
      >
        <h6
          class="MuiTypography-root MuiTypography-h6"
        >
          Test
        </h6>
      </div>
    </header>
    <main
      class="MuiContainer-root makeStyles-content-2 MuiContainer-maxWidthLg"
    >
      Page content
    </main>
    <footer
      class="MuiContainer-root makeStyles-footer-3 MuiContainer-maxWidthLg"
    >
      <p
        class="MuiTypography-root MuiTypography-body2 MuiTypography-colorTextSecondary"
      >
        Copyright Â© 2021 Get Quote Inc. All Rights Reserved
      </p>
    </footer>
  </div>
</DocumentFragment>
`;
