// Jest Snapshot v1, https://goo.gl/fbAQLP

exports[`HomePage Component should match snapshot 1`] = `
<DocumentFragment>
  <div
    class="makeStyles-layout-2"
  >
    <header
      class="MuiPaper-root MuiAppBar-root MuiAppBar-positionStatic MuiAppBar-colorPrimary MuiPaper-elevation4"
    >
      <div
        class="MuiToolbar-root MuiToolbar-regular MuiToolbar-gutters"
      >
        <h6
          class="MuiTypography-root MuiTypography-h6"
        >
          GetQuote
        </h6>
      </div>
    </header>
    <main
      class="MuiContainer-root makeStyles-content-3 MuiContainer-maxWidthLg"
    >
      <div
        class="MuiGrid-root MuiGrid-container MuiGrid-spacing-xs-4"
      >
        <div
          class="MuiGrid-root makeStyles-form-1 MuiGrid-item MuiGrid-grid-xs-12"
        >
          <div
            class="MuiFormControl-root MuiTextField-root"
          >
            <label
              class="MuiFormLabel-root MuiInputLabel-root MuiInputLabel-formControl MuiInputLabel-animated"
              data-shrink="false"
            >
              Base Currency
            </label>
            <div
              class="MuiInputBase-root MuiInput-root MuiInput-underline MuiInputBase-formControl MuiInput-formControl"
            >
              <input
                aria-invalid="false"
                class="MuiInputBase-input MuiInput-input"
                type="text"
                value=""
              />
            </div>
          </div>
          <button
            class="MuiButtonBase-root MuiButton-root MuiButton-text"
            tabindex="0"
            type="button"
          >
            <span
              class="MuiButton-label"
            >
              Get Quotes
            </span>
            <span
              class="MuiTouchRipple-root"
            />
          </button>
        </div>
      </div>
    </main>
    <footer
      class="MuiContainer-root makeStyles-footer-4 MuiContainer-maxWidthLg"
    >
      <p
        class="MuiTypography-root MuiTypography-body2 MuiTypography-colorTextSecondary"
      >
        Copyright Â© 2021 Get Quote Inc. All Rights Reserved
      </p>
    </footer>
  </div>
</DocumentFragment>
`;
